/*C765*/SET SCHEMA PUBLIC
DISCONNECT
/*C766*/SET SCHEMA PUBLIC
drop table TEXT_DATA if exists
create table TEXT_DATA (ID integer generated by default as identity (start with 1), ADDED_DATE timestamp, DESCRIPTION varchar(255), TEXT_NAME varchar(255), primary key (ID))
/*C767*/SET SCHEMA PUBLIC
DISCONNECT
/*C768*/SET SCHEMA PUBLIC
drop table TEXT_DATA if exists
create table TEXT_DATA (ID integer generated by default as identity (start with 1), ADDED_DATE timestamp, DESCRIPTION varchar(255), TEXT_NAME varchar(255), primary key (ID))
DISCONNECT
/*C766*/DISCONNECT
/*C769*/SET SCHEMA PUBLIC
DISCONNECT
/*C770*/SET SCHEMA PUBLIC
drop table TEXT_DATA if exists
create table TEXT_DATA (ID integer generated by default as identity (start with 1), ADDED_DATE timestamp, DESCRIPTION varchar(255), TEXT_NAME varchar(255), primary key (ID))
/*C771*/SET SCHEMA PUBLIC
DISCONNECT
/*C772*/SET SCHEMA PUBLIC
drop table TEXT_DATA if exists
create table TEXT_DATA (ID integer generated by default as identity (start with 1), ADDED_DATE timestamp, DESCRIPTION varchar(255), TEXT_NAME varchar(255), primary key (ID))
DISCONNECT
/*C770*/DISCONNECT
